
> bananaai-remaster-saas@0.0.0 build
> vite build

[36mvite v6.4.1 [32mbuilding for production...[36m[39m
transforming...
[32mÔťô[39m 2 modules transformed.
node.exe : [31mÔťŚ[
39m Build failed in 4
4ms
At line:1 char:1
+ & "C:\Program Files
\nodejs/node.exe" "C:
\Program Files\nodejs
/node_mo ...
+ ~~~~~~~~~~~~~~~~~~~
~~~~~~~~~~~~~~~~~~~~~
~~~~~~~~~~~~~~~~~~~~~
~~~~~~~~
    + CategoryInfo   
           : NotSpe  
  cified: ([31mÔť   
 Ś[39m Build fai    
led in 44ms:Stri    n
g) [], RemoteEx    ce
ption
    + FullyQualified 
   ErrorId : Native  
  CommandError
 
[31merror during bui
ld:
[31m[vite:css] Faile
d to load PostCSS con
fig (searchPath: C:/U
sers/djatt/Downloads/
bananaai-remaster-saa
s(2)): [ReferenceErro
r] module is not defi
ned in ES module scop
e
This file is being tr
eated as an ES module
 because it has a '.j
s' file extension and
 'C:\Users\djatt\Down
loads\bananaai-remast
er-saas(2)\package.js
on' contains "type": 
"module". To treat it
 as a CommonJS script
, rename it to use th
e '.cjs' file extensi
on.
ReferenceError: modul
e is not defined in E
S module scope
This file is being tr
eated as an ES module
 because it has a '.j
s' file extension and
 'C:\Users\djatt\Down
loads\bananaai-remast
er-saas(2)\package.js
on' contains "type": 
"module". To treat it
 as a CommonJS script
, rename it to use th
e '.cjs' file extensi
on.
    at file:///C:/Use
rs/djatt/Downloads/ba
nanaai-remaster-saas(
2)/postcss.config.js?
t=1764346603305:1:1
    at ModuleJob.run 
(node:internal/module
s/esm/module_job:371:
25)
    at async onImport
.tracePromise.__proto
__ (node:internal/mod
ules/esm/loader:669:2
6)
    at async req$3 (f
ile:///C:/Users/djatt
/Downloads/bananaai-r
emaster-saas(2)/node_
modules/vite/dist/nod
e/chunks/dep-D4NMHUTW
.js:11658:13)
    at async Object.s
earch (file:///C:/Use
rs/djatt/Downloads/ba
nanaai-remaster-saas(
2)/node_modules/vite/
dist/node/chunks/dep-
D4NMHUTW.js:11400:23)
[31m
file: [36mC:/Users/d
jatt/Downloads/banana
ai-remaster-saas(2)/i
ndex.html?html-proxy&
inline-css&index=0.cs
s[31m
[39m
