src/components/components/CompositeModal.tsx(5,68): error TS2307: Cannot find module '../types' or its corresponding type declarations.
src/components/components/ImageCard.tsx(3,86): error TS2307: Cannot find module '../types' or its corresponding type declarations.
src/components/components/ImageCard.tsx(4,29): error TS2307: Cannot find module '../services/imageUtils' or its corresponding type declarations.
src/components/components/ImageEditor.tsx(8,30): error TS2307: Cannot find module '../types' or its corresponding type declarations.
src/components/components/OCRSelectionModal.tsx(6,27): error TS2307: Cannot find module '../types' or its corresponding type declarations.
src/components/components/TextToImageBar.tsx(6,57): error TS2307: Cannot find module '../types' or its corresponding type declarations.
src/components/components/TextToImageBar.tsx(7,31): error TS2307: Cannot find module '../services/geminiService' or its corresponding type declarations.
src/components/components/VoiceAssistant.tsx(6,27): error TS2307: Cannot find module '../types' or its corresponding type declarations.
src/services/services/geminiService.ts(2,68): error TS2307: Cannot find module '../types' or its corresponding type declarations.
src/services/services/imageUtils.ts(2,30): error TS2307: Cannot find module '../types' or its corresponding type declarations.
src/services/services/storageService.ts(3,27): error TS2307: Cannot find module '../types' or its corresponding type declarations.
